
> react-kavia@0.1.0 start
> cross-env EDIT_MODE=true webpack serve --config .ve/webpack.config.js --mode development

<i> [webpack-dev-server] Project is running at:
<i> [webpack-dev-server] Loopback: http://localhost:3000/, http://[::1]:3000/
<i> [webpack-dev-server] On Your Network (IPv4): http://172.17.0.2:3000/
<i> [webpack-dev-server] Content not from webpack is served from './public' directory
Injecting EditorRootWrapper import: ../.ve/EditorRootWrapper
asset bundle.js 1.86 MiB [emitted] (name: main)
asset index.html 1.98 KiB [emitted]
runtime modules 28.7 KiB 15 modules
cacheable modules 1.65 MiB
  modules by path ./node_modules/ 1.54 MiB 34 modules
  modules by path ./src/ 101 KiB
    modules by path ./src/features/*.js 65.5 KiB 18 modules
    modules by path ./src/*.css 18.3 KiB 4 modules
    modules by path ./src/*.js 17 KiB
      ./src/index.js 530 bytes [built] [code generated]
      + 2 modules
  modules by path ./.ve/ 15.1 KiB
    modules by path ./.ve/*.js 10.6 KiB 2 modules
    modules by path ./.ve/*.css 2.93 KiB 2 modules
    ./.ve/EditorOverlay.jsx 1.58 KiB [built] [code generated]
webpack 5.99.9 compiled successfully in 1666 ms
assets by status 1.98 KiB [cached] 1 asset
assets by path *.js 1.87 MiB
  asset bundle.js 1.86 MiB [emitted] (name: main)
  asset main.1803eca06cc9c3ec2652.hot-update.js 8.29 KiB [emitted] [immutable] [hmr] (name: main)
asset main.1803eca06cc9c3ec2652.hot-update.json 28 bytes [emitted] [immutable] [hmr]
Entrypoint main 1.87 MiB = bundle.js 1.86 MiB main.1803eca06cc9c3ec2652.hot-update.js 8.29 KiB
cached modules 1.65 MiB [cached] 63 modules
runtime modules 28.7 KiB 15 modules
./src/features/DashboardWidgetTile.js 5.81 KiB [built] [code generated]
webpack 5.99.9 compiled successfully in 110 ms
assets by status 1.98 KiB [cached] 1 asset
assets by path *.js 1.87 MiB
  asset bundle.js 1.86 MiB [emitted] (name: main)
  asset main.49d702a0064ed4c3e601.hot-update.js 11 KiB [emitted] [immutable] [hmr] (name: main)
asset main.49d702a0064ed4c3e601.hot-update.json 28 bytes [emitted] [immutable] [hmr]
Entrypoint main 1.87 MiB = bundle.js 1.86 MiB main.49d702a0064ed4c3e601.hot-update.js 11 KiB
cached modules 1.65 MiB [cached] 63 modules
runtime modules 28.7 KiB 15 modules
./src/features/ClassicDashboard.js 5.46 KiB [built] [code generated]
webpack 5.99.9 compiled successfully in 64 ms
assets by status 1.98 KiB [cached] 1 asset
assets by path *.js 1.87 MiB
  asset bundle.js 1.86 MiB [emitted] (name: main)
  asset main.1e29f2e53ed7dfe1976f.hot-update.js 7 KiB [emitted] [immutable] [hmr] (name: main)
asset main.1e29f2e53ed7dfe1976f.hot-update.json 28 bytes [emitted] [immutable] [hmr]
Entrypoint main 1.87 MiB = bundle.js 1.86 MiB main.1e29f2e53ed7dfe1976f.hot-update.js 7 KiB
cached modules 1.65 MiB [cached] 63 modules
runtime modules 28.7 KiB 15 modules
./src/features/KPIMetrics.js 4.32 KiB [built] [code generated]
webpack 5.99.9 compiled successfully in 70 ms
